// Jest Snapshot v1, https://goo.gl/fbAQLP

exports[`The Reddit API posts should contain the appropriate data 1`] = `
Array [
  "domain",
  "approved_at_utc",
  "banned_by",
  "media_embed",
  "thumbnail_width",
  "subreddit",
  "selftext_html",
  "selftext",
  "likes",
  "suggested_sort",
  "user_reports",
  "secure_media",
  "is_reddit_media_domain",
  "link_flair_text",
  "id",
  "banned_at_utc",
  "view_count",
  "archived",
  "clicked",
  "report_reasons",
  "title",
  "num_crossposts",
  "saved",
  "mod_reports",
  "can_mod_post",
  "is_crosspostable",
  "pinned",
  "score",
  "approved_by",
  "over_18",
  "hidden",
  "preview",
  "thumbnail",
  "subreddit_id",
  "edited",
  "link_flair_css_class",
  "author_flair_css_class",
  "contest_mode",
  "gilded",
  "downs",
  "brand_safe",
  "secure_media_embed",
  "removal_reason",
  "post_hint",
  "author_flair_text",
  "stickied",
  "can_gild",
  "thumbnail_height",
  "parent_whitelist_status",
  "name",
  "spoiler",
  "permalink",
  "subreddit_type",
  "locked",
  "hide_score",
  "created",
  "url",
  "whitelist_status",
  "quarantine",
  "author",
  "created_utc",
  "subreddit_name_prefixed",
  "ups",
  "media",
  "num_comments",
  "is_self",
  "visited",
  "num_reports",
  "is_video",
  "distinguished",
]
`;
